// Jest Snapshot v1, https://goo.gl/fbAQLP

exports[`<Input/> Simple render component 1`] = `
<Fragment>
  <label
    htmlFor="prueba"
  >
    Prueba:
  </label>
  <input
    className="form-control"
    id="prueba"
    name="prueba"
    onChange={[Function]}
    type="text"
    value=""
  />
</Fragment>
`;
